python : 
C:\Users\GALLOP SEA\App
Data\Roaming\Python\Pyt
hon313\site-packages\dj
ango\db\models\fields\_
_init__.py:1611: 
RuntimeWarning: 
DateTimeField Notificat
ion.created_at 
received a naive 
datetime (2026-03-31 
00:00:00) while time 
zone support is active.
At line:1 char:1
+ python manage.py 
test > test_output.txt 
2>&1
+ ~~~~~~~~~~~~~~~~~~~~~
~~~~~~~~~~~~~~~~~~~~~~~
    + CategoryInfo     
         : 
NotSpecified: (C    
:\Users\GALLOP...port  
   is active.:String) 
[    ], RemoteException
    + 
FullyQualifiedError    
Id : NativeCommandErr  
  or
 
  warnings.warn(
Creating test database 
for alias 'default'...

E..............
=======================
=======================
=======================
=
ERROR: test_create (uni
ttest.loader._FailedTes
t.test_create)
-----------------------
-----------------------
-----------------------
-
ImportError: Failed to 
import test module: 
test_create
Traceback (most recent 
call last):
  File "C:\Python313\Li
b\unittest\loader.py", 
line 396, in 
_find_test_path
    module = self._get_
module_from_name(name)
  File "C:\Python313\Li
b\unittest\loader.py", 
line 339, in 
_get_module_from_name
    __import__(name)
    ~~~~~~~~~~^^^^^^
  File 
"C:\Users\GALLOP SEA\On
eDrive\Desktop\Manageme
nt System\test_create.p
y", line 9, in <module>
    response = c.get('/
admin-dashboard/student
s/create/')
  File 
"C:\Users\GALLOP SEA\Ap
pData\Roaming\Python\Py
thon313\site-packages\d
jango\test\client.py", 
line 1124, in get
    response = 
super().get(
        path,
    ...<4 lines>...
        **extra,
    )
  File 
"C:\Users\GALLOP SEA\Ap
pData\Roaming\Python\Py
thon313\site-packages\d
jango\test\client.py", 
line 475, in get
    return 
self.generic(
           
~~~~~~~~~~~~^
        "GET",
        ^^^^^^
    ...<4 lines>...
        **extra,
        ^^^^^^^^
    )
    ^
  File 
"C:\Users\GALLOP SEA\Ap
pData\Roaming\Python\Py
thon313\site-packages\d
jango\test\client.py", 
line 671, in generic
    return 
self.request(**r)
           
~~~~~~~~~~~~^^^^^
  File 
"C:\Users\GALLOP SEA\Ap
pData\Roaming\Python\Py
thon313\site-packages\d
jango\test\client.py", 
line 1087, in request
    self.check_exceptio
n(response)
    ~~~~~~~~~~~~~~~~~~~
~^^^^^^^^^^
  File 
"C:\Users\GALLOP SEA\Ap
pData\Roaming\Python\Py
thon313\site-packages\d
jango\test\client.py", 
line 802, in 
check_exception
    raise exc_value
  File 
"C:\Users\GALLOP SEA\Ap
pData\Roaming\Python\Py
thon313\site-packages\d
jango\core\handlers\exc
eption.py", line 55, 
in inner
    response = 
get_response(request)
  File 
"C:\Users\GALLOP SEA\Ap
pData\Roaming\Python\Py
thon313\site-packages\d
jango\core\handlers\bas
e.py", line 198, in 
_get_response
    response = wrapped_
callback(request, 
*callback_args, 
**callback_kwargs)
  File 
"C:\Users\GALLOP SEA\Ap
pData\Roaming\Python\Py
thon313\site-packages\d
jango\contrib\auth\deco
rators.py", line 59, 
in _view_wrapper
    return 
view_func(request, 
*args, **kwargs)
  File 
"C:\Users\GALLOP SEA\On
eDrive\Desktop\Manageme
nt System\accounts\deco
rators.py", line 11, 
in _wrapped_view
    return 
view_func(request, 
*args, **kwargs)
  File 
"C:\Users\GALLOP SEA\On
eDrive\Desktop\Manageme
nt System\admin_dashboa
rd\views.py", line 89, 
in student_create
    return 
render(request, 'admin_
dashboard/student_form.
html', {'form': form})
  File 
"C:\Users\GALLOP SEA\Ap
pData\Roaming\Python\Py
thon313\site-packages\d
jango\shortcuts.py", 
line 25, in render
    content = loader.re
nder_to_string(template
_name, context, 
request, using=using)
  File 
"C:\Users\GALLOP SEA\Ap
pData\Roaming\Python\Py
thon313\site-packages\d
jango\template\loader.p
y", line 61, in 
render_to_string
    template = get_temp
late(template_name, 
using=using)
  File 
"C:\Users\GALLOP SEA\Ap
pData\Roaming\Python\Py
thon313\site-packages\d
jango\template\loader.p
y", line 15, in 
get_template
    return engine.get_t
emplate(template_name)
           ~~~~~~~~~~~~
~~~~~~~^^^^^^^^^^^^^^^
  File 
"C:\Users\GALLOP SEA\Ap
pData\Roaming\Python\Py
thon313\site-packages\d
jango\template\backends
\django.py", line 79, 
in get_template
    return Template(sel
f.engine.get_template(t
emplate_name), self)
                    ~~~
~~~~~~~~~~~~~~~~~~~~~^^
^^^^^^^^^^^^^
  File 
"C:\Users\GALLOP SEA\Ap
pData\Roaming\Python\Py
thon313\site-packages\d
jango\template\engine.p
y", line 186, in 
get_template
    template, origin = 
self.find_template(temp
late_name)
                       
~~~~~~~~~~~~~~~~~~^^^^^
^^^^^^^^^^
  File 
"C:\Users\GALLOP SEA\Ap
pData\Roaming\Python\Py
thon313\site-packages\d
jango\template\engine.p
y", line 159, in 
find_template
    template = loader.g
et_template(name, 
skip=skip)
  File 
"C:\Users\GALLOP SEA\Ap
pData\Roaming\Python\Py
thon313\site-packages\d
jango\template\loaders\
cached.py", line 57, 
in get_template
    template = super().
get_template(template_n
ame, skip)
  File 
"C:\Users\GALLOP SEA\Ap
pData\Roaming\Python\Py
thon313\site-packages\d
jango\template\loaders\
base.py", line 28, in 
get_template
    return Template(
        contents,
    ...<2 lines>...
        self.engine,
    )
  File 
"C:\Users\GALLOP SEA\Ap
pData\Roaming\Python\Py
thon313\site-packages\d
jango\template\base.py"
, line 157, in __init__
    self.nodelist = 
self.compile_nodelist()
                    
~~~~~~~~~~~~~~~~~~~~~^^
  File 
"C:\Users\GALLOP SEA\Ap
pData\Roaming\Python\Py
thon313\site-packages\d
jango\template\base.py"
, line 199, in 
compile_nodelist
    nodelist = 
parser.parse()
  File 
"C:\Users\GALLOP SEA\Ap
pData\Roaming\Python\Py
thon313\site-packages\d
jango\template\base.py"
, line 585, in parse
    raise 
self.error(token, e)
  File 
"C:\Users\GALLOP SEA\Ap
pData\Roaming\Python\Py
thon313\site-packages\d
jango\template\base.py"
, line 583, in parse
    compiled_result = 
compile_func(self, 
token)
  File 
"C:\Users\GALLOP SEA\Ap
pData\Roaming\Python\Py
thon313\site-packages\d
jango\template\loader_t
ags.py", line 307, in 
do_extends
    nodelist = 
parser.parse()
  File 
"C:\Users\GALLOP SEA\Ap
pData\Roaming\Python\Py
thon313\site-packages\d
jango\template\base.py"
, line 585, in parse
    raise 
self.error(token, e)
  File 
"C:\Users\GALLOP SEA\Ap
pData\Roaming\Python\Py
thon313\site-packages\d
jango\template\base.py"
, line 583, in parse
    compiled_result = 
compile_func(self, 
token)
  File 
"C:\Users\GALLOP SEA\Ap
pData\Roaming\Python\Py
thon313\site-packages\d
jango\template\loader_t
ags.py", line 235, in 
do_block
    nodelist = parser.p
arse(("endblock",))
  File 
"C:\Users\GALLOP SEA\Ap
pData\Roaming\Python\Py
thon313\site-packages\d
jango\template\base.py"
, line 585, in parse
    raise 
self.error(token, e)
  File 
"C:\Users\GALLOP SEA\Ap
pData\Roaming\Python\Py
thon313\site-packages\d
jango\template\base.py"
, line 583, in parse
    compiled_result = 
compile_func(self, 
token)
  File 
"C:\Users\GALLOP SEA\Ap
pData\Roaming\Python\Py
thon313\site-packages\d
jango\template\defaultt
ags.py", line 994, in 
do_if
    nodelist = 
parser.parse(("elif", 
"else", "endif"))
  File 
"C:\Users\GALLOP SEA\Ap
pData\Roaming\Python\Py
thon313\site-packages\d
jango\template\base.py"
, line 585, in parse
    raise 
self.error(token, e)
  File 
"C:\Users\GALLOP SEA\Ap
pData\Roaming\Python\Py
thon313\site-packages\d
jango\template\base.py"
, line 583, in parse
    compiled_result = 
compile_func(self, 
token)
  File 
"C:\Users\GALLOP SEA\Ap
pData\Roaming\Python\Py
thon313\site-packages\d
jango\template\defaultt
ags.py", line 894, in 
do_for
    nodelist_loop = 
parser.parse(
        (
    ...<2 lines>...
        )
    )
  File 
"C:\Users\GALLOP SEA\Ap
pData\Roaming\Python\Py
thon313\site-packages\d
jango\template\base.py"
, line 585, in parse
    raise 
self.error(token, e)
  File 
"C:\Users\GALLOP SEA\Ap
pData\Roaming\Python\Py
thon313\site-packages\d
jango\template\base.py"
, line 583, in parse
    compiled_result = 
compile_func(self, 
token)
  File 
"C:\Users\GALLOP SEA\Ap
pData\Roaming\Python\Py
thon313\site-packages\d
jango\template\defaultt
ags.py", line 894, in 
do_for
    nodelist_loop = 
parser.parse(
        (
    ...<2 lines>...
        )
    )
  File 
"C:\Users\GALLOP SEA\Ap
pData\Roaming\Python\Py
thon313\site-packages\d
jango\template\base.py"
, line 556, in parse
    raise 
self.error(token, e)
  File 
"C:\Users\GALLOP SEA\Ap
pData\Roaming\Python\Py
thon313\site-packages\d
jango\template\base.py"
, line 554, in parse
    filter_expression 
= self.compile_filter(t
oken.contents)
  File 
"C:\Users\GALLOP SEA\Ap
pData\Roaming\Python\Py
thon313\site-packages\d
jango\template\base.py"
, line 676, in 
compile_filter
    return FilterExpres
sion(token, self)
  File 
"C:\Users\GALLOP SEA\Ap
pData\Roaming\Python\Py
thon313\site-packages\d
jango\template\base.py"
, line 771, in __init__
    filter_func = parse
r.find_filter(filter_na
me)
  File 
"C:\Users\GALLOP SEA\Ap
pData\Roaming\Python\Py
thon313\site-packages\d
jango\template\base.py"
, line 682, in 
find_filter
    raise TemplateSynta
xError("Invalid 
filter: '%s'" % 
filter_name)
django.template.excepti
ons.TemplateSyntaxError
: Template: 
C:\Users\GALLOP SEA\One
Drive\Desktop\Managemen
t System\templates\admi
n_dashboard\student_for
m.html, Invalid 
filter: 'replace'


-----------------------
-----------------------
-----------------------
-
Ran 15 tests in 49.808s

FAILED (errors=1)
Destroying test 
database for alias 
'default'...

Add Student GET: 404
Analytics Dashboard: 200
<ul class="errorlist"><li>student_id<ul class="errorlist" id="id_student_id_error"><li>A user with ID &quot;STD12399&quot; already exists. Please generate a different ID.</li></ul></li></ul>
Dashboard: 200
Attendance: 404
Grades: 404
Found 15 test(s).
System check identified no issues (0 silenced).
